Script started on 2019-11-22 17:33:43-0500
]0;dingruos@wolf:/h/u4/c7/04/dingruos/csc209/dingruos/lab10wolf:~/csc209/dingruos/lab10$ ls
''$'\177''a'   client1.txt    randclient.o   server1.txt
 bufserver     Makefile       readserver     socket.c
 bufserver.c   randclient     readserver.c   socket.h
 bufserver.o   randclient.c   readserver.o   socket.o
]0;dingruos@wolf:/h/u4/c7/04/dingruos/csc209/dingruos/lab10wolf:~/csc209/dingruos/lab10$ gdb bufserver
GNU gdb (Ubuntu 8.1-0ubuntu3.2) 8.1.0.20180409-git
Copyright (C) 2018 Free Software Foundation, Inc.
License GPLv3+: GNU GPL version 3 or later <http://gnu.org/licenses/gpl.html>
This is free software: you are free to change and redistribute it.
There is NO WARRANTY, to the extent permitted by law.  Type "show copying"
and "show warranty" for details.
This GDB was configured as "x86_64-linux-gnu".
Type "show configuration" for configuration details.
For bug reporting instructions, please see:
<http://www.gnu.org/software/gdb/bugs/>.
Find the GDB manual and other documentation resources online at:
<http://www.gnu.org/software/gdb/documentation/>.
For help, type "help".
Type "apropos word" to search for commands related to "word"...
Reading symbols from bufserver...done.
(gdb) set_up_server_socket
Undefined command: "set_up_server_socket".  Try "help".
(gdb) break ser[Kt_up_server_socket
Breakpoint 1 at 0xf15: file socket.c, line 35.
(gdb) run
Starting program: /h/u4/c7/04/dingruos/csc209/dingruos/lab10/bufserver 

Breakpoint 1, set_up_server_socket (self=0x555555757260, num_queue=5)
    at socket.c:35
35      int set_up_server_socket(struct sockaddr_in *self, int num_queue) {
(gdb) nr[K
36          int soc = socket(PF_INET, SOCK_STREAM, 0);
(gdb) 
37          if (soc < 0) {
(gdb) 
44          int on = 1;
(gdb) 
45          int status = setsockopt(soc, SOL_SOCKET, SO_REUSEADDR,
(gdb) 
47          if (status < 0) {
(gdb) 
53          if (bind(soc, (struct sockaddr *)self, sizeof(*self)) < 0) {
(gdb) n[Krunbreak set_up_server_socket[C[C[C[C[C[Crun[K[K
60          if (listen(soc, num_queue) < 0) {
(gdb) 
66          return soc;
(gdb) 
67      }
(gdb) 
main () at bufserver.c:27
27              int fd = accept_connection(listenfd);
(gdb) 
Waiting for a new connection...
New connection accepted from 127.0.0.1:58338
28              if (fd < 0) {
(gdb) 
33              char buf[BUFSIZE] = {'\0'};
(gdb) 
34              int inbuf = 0;           // How many bytes currently in buffer?
(gdb) 
35              int room = sizeof(buf);  // How many bytes remaining in buffer?
(gdb) 
36              char *after = buf;       // Pointer to position after the data in buf
(gdb) 
39              while ((nbytes = read(fd, after, room)) > 0) {
(gdb) 
41                  inbuf += nbytes;
(gdb) 
52                  while ((where = find_network_newline(buf, inbuf)) > 0) {
(gdb) 
58                      buf[where-2]='\0';
(gdb) 
60                      printf("Next message: %s\n", buf);
(gdb) 
Next message: A stitch in time
66                      memmove(buf, buf+where, BUFSIZE - where);
(gdb) 
67                      inbuf -= where;
(gdb) 
52                  while ((where = find_network_newline(buf, inbuf)) > 0) {
(gdb) 
76                  after = buf + inbuf;
(gdb) 
77                  room = BUFSIZE - inbuf;
(gdb) 
39              while ((nbytes = read(fd, after, room)) > 0) {
(gdb) 
41                  inbuf += nbytes;
(gdb) 
52                  while ((where = find_network_newline(buf, inbuf)) > 0) {
(gdb) 
58                      buf[where-2]='\0';
(gdb) 
60                      printf("Next message: %s\n", buf);
(gdb) 
Next message: A stitch in time
66                      memmove(buf, buf+where, BUFSIZE - where);
(gdb) 
67                      inbuf -= where;
(gdb) 
52                  while ((where = find_network_newline(buf, inbuf)) > 0) {
(gdb) 
76                  after = buf + inbuf;
(gdb) 
77                  room = BUFSIZE - inbuf;
(gdb) 
39              while ((nbytes = read(fd, after, room)) > 0) {
(gdb) 
41                  inbuf += nbytes;
(gdb) 
52                  while ((where = find_network_newline(buf, inbuf)) > 0) {
(gdb) 
58                      buf[where-2]='\0';
(gdb) 
60                      printf("Next message: %s\n", buf);
(gdb) 
Next message: A stitch in time
66                      memmove(buf, buf+where, BUFSIZE - where);
(gdb) 
67                      inbuf -= where;
(gdb) 
52                  while ((where = find_network_newline(buf, inbuf)) > 0) {
(gdb) 
76                  after = buf + inbuf;
(gdb) 
77                  room = BUFSIZE - inbuf;
(gdb) 
39              while ((nbytes = read(fd, after, room)) > 0) {
(gdb) 
41                  inbuf += nbytes;
(gdb) 
52                  while ((where = find_network_newline(buf, inbuf)) > 0) {
(gdb) 
58                      buf[where-2]='\0';
(gdb) 
60                      printf("Next message: %s\n", buf);
(gdb) 
Next message: A stitch in time
66                      memmove(buf, buf+where, BUFSIZE - where);
(gdb) 
67                      inbuf -= where;
(gdb) 
52                  while ((where = find_network_newline(buf, inbuf)) > 0) {
(gdb) 
76                  after = buf + inbuf;
(gdb) 
77                  room = BUFSIZE - inbuf;
(gdb) 
39              while ((nbytes = read(fd, after, room)) > 0) {
(gdb) 
41                  inbuf += nbytes;
(gdb) 
52                  while ((where = find_network_newline(buf, inbuf)) > 0) {
(gdb) 
58                      buf[where-2]='\0';
(gdb) 
60                      printf("Next message: %s\n", buf);
(gdb) 
Next message: A stitch in time
66                      memmove(buf, buf+where, BUFSIZE - where);
(gdb) 
67                      inbuf -= where;
(gdb) 
52                  while ((where = find_network_newline(buf, inbuf)) > 0) {
(gdb) 
76                  after = buf + inbuf;
(gdb) 
77                  room = BUFSIZE - inbuf;
(gdb) 
39              while ((nbytes = read(fd, after, room)) > 0) {
(gdb) 
80              close(fd);
(gdb) 
27              int fd = accept_connection(listenfd);
(gdb) 
Waiting for a new connection...






eix^?^?
exit
^C
Program received signal SIGINT, Interrupt.
0x00007ffff7b067e4 in __libc_accept (fd=3, addr=..., len=0x7fffffffe8f8)
    at ../sysdeps/unix/sysv/linux/accept.c:26
26      ../sysdeps/unix/sysv/linux/accept.c: No such file or directory.
(gdb) eixt
Undefined command: "eixt".  Try "help".
(gdb) quit
A debugging session is active.

        Inferior 1 [process 43282] will be killed.

Quit anyway? (y or n) y
]0;dingruos@wolf:/h/u4/c7/04/dingruos/csc209/dingruos/lab10wolf:~/csc209/dingruos/lab10$ exit
exit

Script done on 2019-11-22 17:38:00-0500
